[测试报告]
积分线统计
100位-29,178,499pt
1000位-11,379,093pt

★5线统计
一卡 3,500,000pt-4,966位
满破 22,000,000pt-424位

(本消息由自动脚本发送)
